 Network jobseeker_m05_main_default Creating 
 Network jobseeker_m05_main_default Created 
 Volume jobseeker_m05_main_postgres_data Creating 
 Volume jobseeker_m05_main_postgres_data Created 
 Volume jobseeker_m05_main_redis_data Creating 
 Volume jobseeker_m05_main_redis_data Created 
 Container jobseeker_m05_main-db-1 Creating 
 Container jobseeker_m05_main-redis-1 Creating 
 Container jobseeker_m05_main-db-1 Created 
 Container jobseeker_m05_main-redis-1 Created 
 Container jobseeker_m05_main-worker-1 Creating 
 Container jobseeker_m05_main-api-1 Creating 
 Container jobseeker_m05_main-scheduler-1 Creating 
 Container jobseeker_m05_main-worker-1 Created 
 Container jobseeker_m05_main-api-1 Created 
 Container jobseeker_m05_main-scheduler-1 Created 
 Container jobseeker_m05_main-redis-1 Starting 
 Container jobseeker_m05_main-db-1 Starting 
 Container jobseeker_m05_main-db-1 Started 
 Container jobseeker_m05_main-redis-1 Started 
 Container jobseeker_m05_main-redis-1 Waiting 
 Container jobseeker_m05_main-db-1 Waiting 
 Container jobseeker_m05_main-db-1 Waiting 
 Container jobseeker_m05_main-redis-1 Waiting 
 Container jobseeker_m05_main-db-1 Waiting 
 Container jobseeker_m05_main-redis-1 Waiting 
 Container jobseeker_m05_main-db-1 Healthy 
 Container jobseeker_m05_main-db-1 Healthy 
 Container jobseeker_m05_main-redis-1 Healthy 
 Container jobseeker_m05_main-api-1 Starting 
 Container jobseeker_m05_main-redis-1 Healthy 
 Container jobseeker_m05_main-redis-1 Healthy 
 Container jobseeker_m05_main-worker-1 Starting 
 Container jobseeker_m05_main-db-1 Healthy 
 Container jobseeker_m05_main-scheduler-1 Starting 
 Container jobseeker_m05_main-worker-1 Started 
 Container jobseeker_m05_main-scheduler-1 Started 
 Container jobseeker_m05_main-api-1 Started 
 Container jobseeker_m05_main-api-1 Waiting 
 Container jobseeker_m05_main-worker-1 Waiting 
 Container jobseeker_m05_main-scheduler-1 Waiting 
 Container jobseeker_m05_main-db-1 Waiting 
 Container jobseeker_m05_main-redis-1 Waiting 
 Container jobseeker_m05_main-redis-1 Healthy 
 Container jobseeker_m05_main-db-1 Healthy 
 Container jobseeker_m05_main-api-1 Healthy 
 Container jobseeker_m05_main-worker-1 Healthy 
 Container jobseeker_m05_main-scheduler-1 Healthy 
