 Container jobseeker_m05_main-worker-1 Stopping 
 Container jobseeker_m05_main-api-1 Stopping 
 Container jobseeker_m05_main-scheduler-1 Stopping 
 Container jobseeker_m05_main-scheduler-1 Stopped 
 Container jobseeker_m05_main-scheduler-1 Removing 
 Container jobseeker_m05_main-scheduler-1 Removed 
 Container jobseeker_m05_main-api-1 Stopped 
 Container jobseeker_m05_main-api-1 Removing 
 Container jobseeker_m05_main-api-1 Removed 
 Container jobseeker_m05_main-worker-1 Stopped 
 Container jobseeker_m05_main-worker-1 Removing 
 Container jobseeker_m05_main-worker-1 Removed 
 Container jobseeker_m05_main-redis-1 Stopping 
 Container jobseeker_m05_main-db-1 Stopping 
 Container jobseeker_m05_main-redis-1 Stopped 
 Container jobseeker_m05_main-redis-1 Removing 
 Container jobseeker_m05_main-redis-1 Removed 
 Container jobseeker_m05_main-db-1 Stopped 
 Container jobseeker_m05_main-db-1 Removing 
 Container jobseeker_m05_main-db-1 Removed 
 Volume jobseeker_m05_main_postgres_data Removing 
 Network jobseeker_m05_main_default Removing 
 Volume jobseeker_m05_main_redis_data Removing 
 Volume jobseeker_m05_main_postgres_data Removed 
 Volume jobseeker_m05_main_redis_data Removed 
 Network jobseeker_m05_main_default Removed 
