 Container jobseeker_m04_main_final-worker-1 Running 
 Container jobseeker_m04_main_final-scheduler-1 Running 
 Container jobseeker_m04_main_final-db-1 Running 
 Container jobseeker_m04_main_final-redis-1 Running 
 Container jobseeker_m04_main_final-api-1 Running 
 Container jobseeker_m04_main_final-db-1 Waiting 
 Container jobseeker_m04_main_final-redis-1 Waiting 
 Container jobseeker_m04_main_final-redis-1 Waiting 
 Container jobseeker_m04_main_final-db-1 Waiting 
 Container jobseeker_m04_main_final-db-1 Waiting 
 Container jobseeker_m04_main_final-redis-1 Waiting 
 Container jobseeker_m04_main_final-db-1 Healthy 
 Container jobseeker_m04_main_final-db-1 Healthy 
 Container jobseeker_m04_main_final-redis-1 Healthy 
 Container jobseeker_m04_main_final-redis-1 Healthy 
 Container jobseeker_m04_main_final-redis-1 Healthy 
 Container jobseeker_m04_main_final-db-1 Healthy 
 Container jobseeker_m04_main_final-scheduler-1 Waiting 
 Container jobseeker_m04_main_final-db-1 Waiting 
 Container jobseeker_m04_main_final-redis-1 Waiting 
 Container jobseeker_m04_main_final-api-1 Waiting 
 Container jobseeker_m04_main_final-worker-1 Waiting 
 Container jobseeker_m04_main_final-redis-1 Healthy 
 Container jobseeker_m04_main_final-api-1 Healthy 
 Container jobseeker_m04_main_final-db-1 Healthy 
 Container jobseeker_m04_main_final-scheduler-1 Healthy 
 Container jobseeker_m04_main_final-worker-1 Healthy 
