 Network jobseeker_m05_clean_default Creating 
 Network jobseeker_m05_clean_default Created 
 Volume jobseeker_m05_clean_redis_data Creating 
 Volume jobseeker_m05_clean_redis_data Created 
 Volume jobseeker_m05_clean_postgres_data Creating 
 Volume jobseeker_m05_clean_postgres_data Created 
 Container jobseeker_m05_clean-db-1 Creating 
 Container jobseeker_m05_clean-redis-1 Creating 
 Container jobseeker_m05_clean-db-1 Created 
 Container jobseeker_m05_clean-redis-1 Created 
 Container jobseeker_m05_clean-worker-1 Creating 
 Container jobseeker_m05_clean-api-1 Creating 
 Container jobseeker_m05_clean-scheduler-1 Creating 
 Container jobseeker_m05_clean-worker-1 Created 
 Container jobseeker_m05_clean-scheduler-1 Created 
 Container jobseeker_m05_clean-api-1 Created 
 Container jobseeker_m05_clean-redis-1 Starting 
 Container jobseeker_m05_clean-db-1 Starting 
 Container jobseeker_m05_clean-db-1 Started 
 Container jobseeker_m05_clean-redis-1 Started 
 Container jobseeker_m05_clean-db-1 Waiting 
 Container jobseeker_m05_clean-redis-1 Waiting 
 Container jobseeker_m05_clean-db-1 Waiting 
 Container jobseeker_m05_clean-redis-1 Waiting 
 Container jobseeker_m05_clean-redis-1 Waiting 
 Container jobseeker_m05_clean-db-1 Waiting 
 Container jobseeker_m05_clean-db-1 Healthy 
 Container jobseeker_m05_clean-db-1 Healthy 
 Container jobseeker_m05_clean-redis-1 Healthy 
 Container jobseeker_m05_clean-redis-1 Healthy 
 Container jobseeker_m05_clean-api-1 Starting 
 Container jobseeker_m05_clean-db-1 Healthy 
 Container jobseeker_m05_clean-scheduler-1 Starting 
 Container jobseeker_m05_clean-redis-1 Healthy 
 Container jobseeker_m05_clean-worker-1 Starting 
 Container jobseeker_m05_clean-scheduler-1 Started 
 Container jobseeker_m05_clean-api-1 Started 
 Container jobseeker_m05_clean-worker-1 Started 
 Container jobseeker_m05_clean-worker-1 Waiting 
 Container jobseeker_m05_clean-scheduler-1 Waiting 
 Container jobseeker_m05_clean-db-1 Waiting 
 Container jobseeker_m05_clean-redis-1 Waiting 
 Container jobseeker_m05_clean-api-1 Waiting 
 Container jobseeker_m05_clean-redis-1 Healthy 
 Container jobseeker_m05_clean-db-1 Healthy 
 Container jobseeker_m05_clean-worker-1 Healthy 
 Container jobseeker_m05_clean-api-1 Healthy 
 Container jobseeker_m05_clean-scheduler-1 Healthy 
