 Container jobseeker_m05_clean-scheduler-1 Stopping 
 Container jobseeker_m05_clean-worker-1 Stopping 
 Container jobseeker_m05_clean-api-1 Stopping 
 Container jobseeker_m05_clean-scheduler-1 Stopped 
 Container jobseeker_m05_clean-scheduler-1 Removing 
 Container jobseeker_m05_clean-scheduler-1 Removed 
 Container jobseeker_m05_clean-api-1 Stopped 
 Container jobseeker_m05_clean-api-1 Removing 
 Container jobseeker_m05_clean-api-1 Removed 
 Container jobseeker_m05_clean-worker-1 Stopped 
 Container jobseeker_m05_clean-worker-1 Removing 
 Container jobseeker_m05_clean-worker-1 Removed 
 Container jobseeker_m05_clean-db-1 Stopping 
 Container jobseeker_m05_clean-redis-1 Stopping 
 Container jobseeker_m05_clean-redis-1 Stopped 
 Container jobseeker_m05_clean-redis-1 Removing 
 Container jobseeker_m05_clean-redis-1 Removed 
 Container jobseeker_m05_clean-db-1 Stopped 
 Container jobseeker_m05_clean-db-1 Removing 
 Container jobseeker_m05_clean-db-1 Removed 
 Network jobseeker_m05_clean_default Removing 
 Volume jobseeker_m05_clean_redis_data Removing 
 Volume jobseeker_m05_clean_postgres_data Removing 
 Volume jobseeker_m05_clean_postgres_data Removed 
 Volume jobseeker_m05_clean_redis_data Removed 
 Network jobseeker_m05_clean_default Removed 
