 Container jobseeker_m04_clean_final-api-1 Stopping 
 Container jobseeker_m04_clean_final-worker-1 Stopping 
 Container jobseeker_m04_clean_final-scheduler-1 Stopping 
 Container jobseeker_m04_clean_final-scheduler-1 Stopped 
 Container jobseeker_m04_clean_final-scheduler-1 Removing 
 Container jobseeker_m04_clean_final-scheduler-1 Removed 
 Container jobseeker_m04_clean_final-api-1 Stopped 
 Container jobseeker_m04_clean_final-api-1 Removing 
 Container jobseeker_m04_clean_final-api-1 Removed 
 Container jobseeker_m04_clean_final-worker-1 Stopped 
 Container jobseeker_m04_clean_final-worker-1 Removing 
 Container jobseeker_m04_clean_final-worker-1 Removed 
 Container jobseeker_m04_clean_final-redis-1 Stopping 
 Container jobseeker_m04_clean_final-db-1 Stopping 
 Container jobseeker_m04_clean_final-db-1 Stopped 
 Container jobseeker_m04_clean_final-db-1 Removing 
 Container jobseeker_m04_clean_final-db-1 Removed 
 Container jobseeker_m04_clean_final-redis-1 Stopped 
 Container jobseeker_m04_clean_final-redis-1 Removing 
 Container jobseeker_m04_clean_final-redis-1 Removed 
 Volume jobseeker_m04_clean_final_redis_data Removing 
 Network jobseeker_m04_clean_final_default Removing 
 Volume jobseeker_m04_clean_final_postgres_data Removing 
 Volume jobseeker_m04_clean_final_redis_data Removed 
 Volume jobseeker_m04_clean_final_postgres_data Removed 
 Network jobseeker_m04_clean_final_default Removed 
