 Network jobseeker_m04_clean_final_default Creating 
 Network jobseeker_m04_clean_final_default Created 
 Volume jobseeker_m04_clean_final_postgres_data Creating 
 Volume jobseeker_m04_clean_final_postgres_data Created 
 Volume jobseeker_m04_clean_final_redis_data Creating 
 Volume jobseeker_m04_clean_final_redis_data Created 
 Container jobseeker_m04_clean_final-redis-1 Creating 
 Container jobseeker_m04_clean_final-db-1 Creating 
 Container jobseeker_m04_clean_final-db-1 Created 
 Container jobseeker_m04_clean_final-redis-1 Created 
 Container jobseeker_m04_clean_final-worker-1 Creating 
 Container jobseeker_m04_clean_final-api-1 Creating 
 Container jobseeker_m04_clean_final-scheduler-1 Creating 
 Container jobseeker_m04_clean_final-scheduler-1 Created 
 Container jobseeker_m04_clean_final-worker-1 Created 
 Container jobseeker_m04_clean_final-api-1 Created 
 Container jobseeker_m04_clean_final-redis-1 Starting 
 Container jobseeker_m04_clean_final-db-1 Starting 
 Container jobseeker_m04_clean_final-redis-1 Started 
 Container jobseeker_m04_clean_final-db-1 Started 
 Container jobseeker_m04_clean_final-redis-1 Waiting 
 Container jobseeker_m04_clean_final-db-1 Waiting 
 Container jobseeker_m04_clean_final-db-1 Waiting 
 Container jobseeker_m04_clean_final-redis-1 Waiting 
 Container jobseeker_m04_clean_final-db-1 Waiting 
 Container jobseeker_m04_clean_final-redis-1 Waiting 
 Container jobseeker_m04_clean_final-db-1 Healthy 
 Container jobseeker_m04_clean_final-redis-1 Healthy 
 Container jobseeker_m04_clean_final-worker-1 Starting 
 Container jobseeker_m04_clean_final-db-1 Healthy 
 Container jobseeker_m04_clean_final-db-1 Healthy 
 Container jobseeker_m04_clean_final-redis-1 Healthy 
 Container jobseeker_m04_clean_final-api-1 Starting 
 Container jobseeker_m04_clean_final-redis-1 Healthy 
 Container jobseeker_m04_clean_final-scheduler-1 Starting 
 Container jobseeker_m04_clean_final-worker-1 Started 
 Container jobseeker_m04_clean_final-api-1 Started 
 Container jobseeker_m04_clean_final-scheduler-1 Started 
 Container jobseeker_m04_clean_final-api-1 Waiting 
 Container jobseeker_m04_clean_final-worker-1 Waiting 
 Container jobseeker_m04_clean_final-scheduler-1 Waiting 
 Container jobseeker_m04_clean_final-db-1 Waiting 
 Container jobseeker_m04_clean_final-redis-1 Waiting 
 Container jobseeker_m04_clean_final-redis-1 Healthy 
 Container jobseeker_m04_clean_final-db-1 Healthy 
 Container jobseeker_m04_clean_final-api-1 Healthy 
 Container jobseeker_m04_clean_final-worker-1 Healthy 
 Container jobseeker_m04_clean_final-scheduler-1 Healthy 
